logic__10: NeuralNetworkOnBoard__GC0, 
OutputLayer__GB0: OutputLayer__GB0, 
dsp48e1__11: HiddenLayer, 
case__2: NeuralNetworkOnBoard__GC0, 
case__4: NeuralNetworkOnBoard__GC0, 
reg: NeuralNetworkOnBoard__GC0, 
dsp48e1__82: HiddenLayer, 
dsp48e1__85: HiddenLayer, 
datapath__79: NeuralNetworkOnBoard__GC0, 
dsp48e1__13: HiddenLayer, 
case__9: NeuralNetworkOnBoard__GC0, 
case__24: HiddenLayer, 
dsp48e1__55: HiddenLayer, 
dsp48e1__50: HiddenLayer, 
datapath__78: NeuralNetworkOnBoard__GC0, 
case__32: NeuralNetworkOnBoard__GC0, 
datapath__46: OutputLayerNeuron__parameterized5, 
dsp48e1__18: HiddenLayer, 
case__38: NeuralNetworkOnBoard__GC0, 
CounterMod16: NeuralNetworkOnBoard__GC0, 
logic__6: NeuralNetworkOnBoard__GC0, 
dsp48e1__1: HiddenLayer, 
dsp48e1__53: HiddenLayer, 
datapath__9: HiddenLayer, 
reg__9: NeuralNetworkOnBoard__GC0, 
dsp48e1__9: HiddenLayer, 
dsp48e1__71: HiddenLayer, 
reg__6: NeuralNetworkOnBoard__GC0, 
mult_42_19_61: OutputLayer__GB3, OutputLayer__GB0, 
HiddenLayerNeuron__parameterized9: HiddenLayer, 
case__14: NeuralNetworkOnBoard__GC0, 
logic__11: NeuralNetworkOnBoard__GC0, 
datapath__4: HiddenLayer, 
dsp48e1__12: HiddenLayer, 
datapath__67: OutputLayer__GB3, 
HiddenLayerNeuron__parameterized7: HiddenLayer, 
datapath__11: HiddenLayer, 
reg__5: NeuralNetworkOnBoard__GC0, 
datapath__65: OutputLayer__GB3, 
datapath__57: OutputLayer__GB0, 
logic__12: NeuralNetworkOnBoard__GC0, 
datapath__53: OutputLayerNeuron__parameterized7, 
dsp48e1__87: HiddenLayer, 
dsp48e1__75: HiddenLayer, 
dsp48e1__80: HiddenLayer, 
HiddenLayerNeuron__parameterized1: HiddenLayer, 
muxpart__3: NeuralNetworkOnBoard__GC0, 
dsp48e1__84: HiddenLayer, 
reg__18: NeuralNetworkOnBoard__GC0, 
dsp48e1__37: HiddenLayer, 
dsp48e1__41: HiddenLayer, 
case__34: NeuralNetworkOnBoard__GC0, 
dsp48e1__59: HiddenLayer, 
case__7: NeuralNetworkOnBoard__GC0, 
dsp48e1__28: HiddenLayer, 
OutputLayerNeuron__parameterized5: OutputLayerNeuron__parameterized5, 
logic__14: NeuralNetworkOnBoard__GC0, 
dsp48e1: HiddenLayer, 
datapath__45: OutputLayerNeuron__parameterized5, 
datapath__47: OutputLayerNeuron__parameterized5, 
case__37: NeuralNetworkOnBoard__GC0, 
datapath__8: HiddenLayer, 
dsp48e1__54: HiddenLayer, 
reg__15: NeuralNetworkOnBoard__GC0, 
datapath__34: OutputLayer__GB0, 
datapath__3: HiddenLayer, 
dsp48e1__49: HiddenLayer, 
case: NeuralNetworkOnBoard__GC0, 
case__33: NeuralNetworkOnBoard__GC0, 
reg__20: NeuralNetworkOnBoard__GC0, 
datapath__38: OutputLayer__GB3, 
dsp48e1__2: HiddenLayer, 
reg__22: NeuralNetworkOnBoard__GC0, 
dsp48e1__66: HiddenLayer, 
datapath__31: OutputLayer__GB0, 
reg__12: NeuralNetworkOnBoard__GC0, 
muxpart: NeuralNetworkOnBoard__GC0, 
dsp48e1__35: HiddenLayer, 
datapath__51: OutputLayerNeuron__parameterized7, 
dsp48e1__83: HiddenLayer, 
display_seven_segments: NeuralNetworkOnBoard__GC0, 
HiddenLayerNeuron__parameterized13: HiddenLayer, 
logic__13: NeuralNetworkOnBoard__GC0, 
reg__4: NeuralNetworkOnBoard__GC0, 
muxpart__2: NeuralNetworkOnBoard__GC0, 
reg__2: NeuralNetworkOnBoard__GC0, 
clock_filter: NeuralNetworkOnBoard__GC0, 
datapath__16: HiddenLayer, 
datapath__74: NeuralNetworkOnBoard__GC0, 
MicroROM: NeuralNetworkOnBoard__GC0, 
OutputLayer__GB3: OutputLayer__GB3, 
dsp48e1__15: HiddenLayer, 
case__6: NeuralNetworkOnBoard__GC0, 
case__30: OutputLayer__GB0, 
datapath__77: NeuralNetworkOnBoard__GC0, 
case__12: NeuralNetworkOnBoard__GC0, 
logic__2: NeuralNetworkOnBoard__GC0, 
case__15: HiddenLayer, 
dsp48e1__21: HiddenLayer, 
datapath__10: HiddenLayer, 
datapath__25: OutputLayer__GB0, 
dsp48e1__76: HiddenLayer, 
datapath__18: HiddenLayer, 
HiddenLayerNeuron__parameterized3: HiddenLayer, 
case__22: HiddenLayer, 
datapath__42: OutputLayer__GB3, 
dsp48e1__27: HiddenLayer, 
case__13: NeuralNetworkOnBoard__GC0, 
dsp48e1__65: HiddenLayer, 
datapath__59: OutputLayer__GB0, 
case__3: NeuralNetworkOnBoard__GC0, 
dsp48e1__78: HiddenLayer, 
datapath__48: OutputLayerNeuron__parameterized5, 
dsp48e1__32: HiddenLayer, 
datapath__14: HiddenLayer, 
dsp48e1__26: HiddenLayer, 
case__27: OutputLayer__GB3, 
reg__8: NeuralNetworkOnBoard__GC0, 
case__10: NeuralNetworkOnBoard__GC0, 
logic__7: NeuralNetworkOnBoard__GC0, 
case__31: OutputLayer__GB3, 
datapath__50: OutputLayerNeuron__parameterized7, 
datapath__1: NeuralNetworkOnBoard__GC0, 
dsp48e1__81: HiddenLayer, 
datapath__39: OutputLayer__GB3, 
dsp48e1__74: HiddenLayer, 
logic__34: NeuralNetworkOnBoard__GC0, 
dsp48e1__3: HiddenLayer, 
dsp48e1__19: HiddenLayer, 
dsp48e1__52: HiddenLayer, 
datapath__69: OutputLayer__GB3, 
case__23: HiddenLayer, 
dsp48e1__77: HiddenLayer, 
OutputLayerNeuron__parameterized3: OutputLayer__GB3, 
dsp48e1__23: HiddenLayer, 
case__11: NeuralNetworkOnBoard__GC0, 
dsp48e1__34: HiddenLayer, 
dsp48e1__25: HiddenLayer, 
case__35: NeuralNetworkOnBoard__GC0, 
reg__3: NeuralNetworkOnBoard__GC0, 
NeuralNetworkOnBoard__GC0: NeuralNetworkOnBoard__GC0, 
dsp48e1__40: HiddenLayer, 
OutputLayerNeuron__parameterized11: OutputLayer__GB3, 
dsp48e1__51: HiddenLayer, 
case__17: HiddenLayer, 
datapath__43: OutputLayerNeuron__parameterized5, 
dsp48e1__70: HiddenLayer, 
dsp48e1__62: HiddenLayer, 
dsp48e1__79: HiddenLayer, 
muxpart__1: NeuralNetworkOnBoard__GC0, 
datapath__40: OutputLayer__GB3, 
counter: NeuralNetworkOnBoard__GC0, 
datapath__21: HiddenLayer, 
dsp48e1__24: HiddenLayer, 
logic__31: NeuralNetworkOnBoard__GC0, 
datapath__37: OutputLayer__GB3, 
dsp48e1__6: HiddenLayer, 
HiddenLayerNeuron__parameterized15: HiddenLayer, 
case__36: NeuralNetworkOnBoard__GC0, 
datapath__30: OutputLayer__GB0, 
reg__14: NeuralNetworkOnBoard__GC0, 
logic__9: NeuralNetworkOnBoard__GC0, 
dsp48e1__88: HiddenLayer, 
dsp48e1__43: HiddenLayer, 
dsp48e1__29: HiddenLayer, 
datapath__63: OutputLayer__GB0, 
dsp48e1__86: HiddenLayer, 
dsp48e1__57: HiddenLayer, 
reg__13: NeuralNetworkOnBoard__GC0, 
datapath__24: OutputLayer__GB0, 
counter_mod8_bbox_0: NeuralNetworkOnBoard__GC0, 
reg__16: NeuralNetworkOnBoard__GC0, 
datapath__35: OutputLayer__GB0, 
datapath__15: HiddenLayer, 
datapath__17: HiddenLayer, 
HiddenLayerNeuron__parameterized5: HiddenLayer, 
dsp48e1__38: HiddenLayer, 
datapath__29: OutputLayer__GB0, 
case__29: OutputLayerNeuron__parameterized7, 
reg__1: NeuralNetworkOnBoard__GC0, 
datapath: NeuralNetworkOnBoard__GC0, 
dsp48e1__69: HiddenLayer, 
logic__15: NeuralNetworkOnBoard__GC0, 
dsp48e1__4: HiddenLayer, 
datapath__75: NeuralNetworkOnBoard__GC0, 
datapath__19: HiddenLayer, 
dsp48e1__72: HiddenLayer, 
dsp48e1__22: HiddenLayer, 
datapath__66: OutputLayer__GB3, 
datapath__33: OutputLayer__GB0, 
datapath__55: OutputLayerNeuron__parameterized7, 
HiddenLayer: HiddenLayer, 
dsp48e1__42: HiddenLayer, 
cathodes_manager: NeuralNetworkOnBoard__GC0, 
dsp48e1__60: HiddenLayer, 
dsp48e1__7: HiddenLayer, 
datapath__52: OutputLayerNeuron__parameterized7, 
reg__7: NeuralNetworkOnBoard__GC0, 
datapath__68: OutputLayer__GB3, 
datapath__28: OutputLayer__GB0, 
dsp48e1__44: HiddenLayer, 
datapath__13: HiddenLayer, 
OutputLayerNeuron__parameterized9: OutputLayer__GB0, 
reg__21: NeuralNetworkOnBoard__GC0, 
datapath__27: OutputLayer__GB0, 
datapath__7: HiddenLayer, 
case__19: HiddenLayer, 
reg__11: NeuralNetworkOnBoard__GC0, 
datapath__23: OutputLayer__GB0, 
reg__17: NeuralNetworkOnBoard__GC0, 
dsp48e1__39: HiddenLayer, 
case__8: NeuralNetworkOnBoard__GC0, 
datapath__70: OutputLayer__GB3, 
datapath__60: OutputLayer__GB0, 
case__25: OutputLayer__GB0, 
case__21: HiddenLayer, 
anodes_manager: NeuralNetworkOnBoard__GC0, 
dsp48e1__16: HiddenLayer, 
case__5: NeuralNetworkOnBoard__GC0, 
datapath__32: OutputLayer__GB0, 
reg__10: NeuralNetworkOnBoard__GC0, 
dsp48e1__61: HiddenLayer, 
HiddenLayerNeuron__parameterized17: HiddenLayer, 
dsp48e1__64: HiddenLayer, 
dsp48e1__68: HiddenLayer, 
dsp48e1__48: HiddenLayer, 
mult_42_20_62: OutputLayer__GB3, OutputLayer__GB0, OutputLayerNeuron__parameterized7, OutputLayerNeuron__parameterized5, 
dsp48e1__5: HiddenLayer, 
dsp48e1__63: HiddenLayer, 
datapath__62: OutputLayer__GB0, 
datapath__22: OutputLayer__GB0, 
HiddenLayerNeuron__parameterized11: HiddenLayer, 
Max: NeuralNetworkOnBoard__GC0, 
case__28: OutputLayerNeuron__parameterized5, 
dsp48e1__36: HiddenLayer, 
dsp48e1__67: HiddenLayer, 
datapath__64: OutputLayer__GB3, 
dsp48e1__47: HiddenLayer, 
logic: NeuralNetworkOnBoard__GC0, 
HiddenLayerNeuron: HiddenLayer, 
case__16: HiddenLayer, 
dsp48e1__31: HiddenLayer, 
datapath__73: NeuralNetworkOnBoard__GC0, 
dsp48e1__8: HiddenLayer, 
datapath__76: NeuralNetworkOnBoard__GC0, 
datapath__54: OutputLayerNeuron__parameterized7, 
case__20: HiddenLayer, 
dsp48e1__46: HiddenLayer, 
dsp48e1__30: HiddenLayer, 
dsp48e1__14: HiddenLayer, 
logic__8: NeuralNetworkOnBoard__GC0, 
case__1: NeuralNetworkOnBoard__GC0, 
OutputLayerNeuron__parameterized1: OutputLayer__GB0, 
dsp48e1__56: HiddenLayer, 
datapath__6: HiddenLayer, 
datapath__36: OutputLayer__GB3, 
datapath__12: HiddenLayer, 
logic__38: NeuralNetworkOnBoard__GC0, 
datapath__20: HiddenLayer, 
datapath__61: OutputLayer__GB0, 
datapath__56: OutputLayerNeuron__parameterized7, 
dsp48e1__10: HiddenLayer, 
dsp48e1__33: HiddenLayer, 
datapath__41: OutputLayer__GB3, 
dsp48e1__45: HiddenLayer, 
datapath__72: NeuralNetworkOnBoard__GC0, 
InputManager: NeuralNetworkOnBoard__GC0, 
OutputLayerNeuron: OutputLayer__GB0, 
datapath__49: OutputLayerNeuron__parameterized5, 
case__18: HiddenLayer, 
OutputLayerNeuron__parameterized7: OutputLayerNeuron__parameterized7, 
datapath__5: HiddenLayer, 
datapath__71: NeuralNetworkOnBoard__GC0, 
datapath__44: OutputLayerNeuron__parameterized5, 
dsp48e1__73: HiddenLayer, 
dsp48e1__58: HiddenLayer, 
dsp48e1__20: HiddenLayer, 
datapath__2: HiddenLayer, 
ControlUnit: NeuralNetworkOnBoard__GC0, 
reg__19: NeuralNetworkOnBoard__GC0, 
case__26: OutputLayer__GB0, 
dsp48e1__17: HiddenLayer, 
datapath__58: OutputLayer__GB0, 
datapath__26: OutputLayer__GB0, 
