logic__10: logic__10
OutputLayer__GB0: OutputLayer__GB0
dsp48e1__11: dsp48e1__11
case__2: case__2
case__4: case__4
reg: reg
dsp48e1__82: dsp48e1__82
dsp48e1__85: dsp48e1__85
datapath__79: datapath__79
dsp48e1__13: dsp48e1__13
case__9: case__9
case__24: case__24
dsp48e1__55: dsp48e1__55
dsp48e1__50: dsp48e1__50
datapath__78: datapath__78
case__32: case__32
datapath__46: datapath__46
dsp48e1__18: dsp48e1__18
case__38: case__38
CounterMod16: CounterMod16
logic__6: logic__6
dsp48e1__1: dsp48e1__1
dsp48e1__53: dsp48e1__53
datapath__9: datapath__9
reg__9: reg__9
dsp48e1__9: dsp48e1__9
dsp48e1__71: dsp48e1__71
reg__6: reg__6
mult_42_19_61: mult_42_19_61
HiddenLayerNeuron__parameterized9: HiddenLayerNeuron__parameterized9
case__14: case__14
logic__11: logic__11
datapath__4: datapath__4
dsp48e1__12: dsp48e1__12
datapath__67: datapath__67
HiddenLayerNeuron__parameterized7: HiddenLayerNeuron__parameterized7
datapath__11: datapath__11
reg__5: reg__5
datapath__65: datapath__65
datapath__57: datapath__57
logic__12: logic__12
datapath__53: datapath__53
dsp48e1__87: dsp48e1__87
mult_42_20_62__1: mult_42_20_62
dsp48e1__75: dsp48e1__75
dsp48e1__80: dsp48e1__80
HiddenLayerNeuron__parameterized1: HiddenLayerNeuron__parameterized1
mult_42_19_61__7: mult_42_19_61
muxpart__3: muxpart__3
dsp48e1__84: dsp48e1__84
reg__18: reg__18
dsp48e1__37: dsp48e1__37
dsp48e1__41: dsp48e1__41
case__34: case__34
dsp48e1__59: dsp48e1__59
case__7: case__7
dsp48e1__28: dsp48e1__28
OutputLayerNeuron__parameterized5: OutputLayerNeuron__parameterized5
logic__14: logic__14
dsp48e1: dsp48e1
datapath__45: datapath__45
datapath__47: datapath__47
case__37: case__37
datapath__8: datapath__8
dsp48e1__54: dsp48e1__54
reg__15: reg__15
datapath__34: datapath__34
mult_42_19_61__3: mult_42_19_61
datapath__3: datapath__3
dsp48e1__49: dsp48e1__49
case: case
case__33: case__33
reg__20: reg__20
datapath__38: datapath__38
dsp48e1__2: dsp48e1__2
reg__22: reg__22
dsp48e1__66: dsp48e1__66
datapath__31: datapath__31
reg__12: reg__12
muxpart: muxpart
dsp48e1__35: dsp48e1__35
datapath__51: datapath__51
dsp48e1__83: dsp48e1__83
display_seven_segments: display_seven_segments
HiddenLayerNeuron__parameterized13: HiddenLayerNeuron__parameterized13
logic__13: logic__13
reg__4: reg__4
muxpart__2: muxpart__2
reg__2: reg__2
clock_filter: clock_filter
datapath__16: datapath__16
datapath__74: datapath__74
MicroROM: MicroROM
OutputLayer__GB3: OutputLayer__GB3
dsp48e1__15: dsp48e1__15
case__6: case__6
case__30: case__30
datapath__77: datapath__77
case__12: case__12
logic__2: logic__2
mult_42_19_61__8: mult_42_19_61
case__15: case__15
dsp48e1__21: dsp48e1__21
datapath__10: datapath__10
datapath__25: datapath__25
dsp48e1__76: dsp48e1__76
datapath__18: datapath__18
HiddenLayerNeuron__parameterized3: HiddenLayerNeuron__parameterized3
case__22: case__22
datapath__42: datapath__42
dsp48e1__27: dsp48e1__27
case__13: case__13
dsp48e1__65: dsp48e1__65
datapath__59: datapath__59
case__3: case__3
dsp48e1__78: dsp48e1__78
datapath__48: datapath__48
dsp48e1__32: dsp48e1__32
datapath__14: datapath__14
dsp48e1__26: dsp48e1__26
case__27: case__27
reg__8: reg__8
case__10: case__10
logic__7: logic__7
case__31: case__31
datapath__50: datapath__50
datapath__1: datapath__1
dsp48e1__81: dsp48e1__81
datapath__39: datapath__39
dsp48e1__74: dsp48e1__74
logic__34: logic__34
dsp48e1__3: dsp48e1__3
dsp48e1__19: dsp48e1__19
dsp48e1__52: dsp48e1__52
datapath__69: datapath__69
case__23: case__23
dsp48e1__77: dsp48e1__77
OutputLayerNeuron__parameterized3: OutputLayerNeuron__parameterized3
dsp48e1__23: dsp48e1__23
case__11: case__11
dsp48e1__34: dsp48e1__34
dsp48e1__25: dsp48e1__25
case__35: case__35
reg__3: reg__3
NeuralNetworkOnBoard__GC0: NeuralNetworkOnBoard__GC0
dsp48e1__40: dsp48e1__40
OutputLayerNeuron__parameterized11: OutputLayerNeuron__parameterized11
dsp48e1__51: dsp48e1__51
case__17: case__17
mult_42_19_61__6: mult_42_19_61
datapath__43: datapath__43
dsp48e1__70: dsp48e1__70
dsp48e1__62: dsp48e1__62
dsp48e1__79: dsp48e1__79
muxpart__1: muxpart__1
datapath__40: datapath__40
counter: counter
datapath__21: datapath__21
mult_42_20_62__3: mult_42_20_62
dsp48e1__24: dsp48e1__24
logic__31: logic__31
datapath__37: datapath__37
dsp48e1__6: dsp48e1__6
HiddenLayerNeuron__parameterized15: HiddenLayerNeuron__parameterized15
case__36: case__36
datapath__30: datapath__30
reg__14: reg__14
logic__9: logic__9
dsp48e1__88: dsp48e1__88
dsp48e1__43: dsp48e1__43
dsp48e1__29: dsp48e1__29
datapath__63: datapath__63
dsp48e1__86: dsp48e1__86
dsp48e1__57: dsp48e1__57
reg__13: reg__13
datapath__24: datapath__24
counter_mod8_bbox_0: counter_mod8_bbox_0
reg__16: reg__16
datapath__35: datapath__35
datapath__15: datapath__15
datapath__17: datapath__17
HiddenLayerNeuron__parameterized5: HiddenLayerNeuron__parameterized5
dsp48e1__38: dsp48e1__38
datapath__29: datapath__29
case__29: case__29
reg__1: reg__1
datapath: datapath
dsp48e1__69: dsp48e1__69
logic__15: logic__15
dsp48e1__4: dsp48e1__4
datapath__75: datapath__75
mult_42_19_61__2: mult_42_19_61
datapath__19: datapath__19
mult_42_19_61__1: mult_42_19_61
dsp48e1__72: dsp48e1__72
mult_42_20_62__4: mult_42_20_62
dsp48e1__22: dsp48e1__22
datapath__66: datapath__66
datapath__33: datapath__33
datapath__55: datapath__55
HiddenLayer: HiddenLayer
dsp48e1__42: dsp48e1__42
cathodes_manager: cathodes_manager
dsp48e1__60: dsp48e1__60
dsp48e1__7: dsp48e1__7
datapath__52: datapath__52
reg__7: reg__7
datapath__68: datapath__68
datapath__28: datapath__28
dsp48e1__44: dsp48e1__44
datapath__13: datapath__13
OutputLayerNeuron__parameterized9: OutputLayerNeuron__parameterized9
reg__21: reg__21
datapath__27: datapath__27
datapath__7: datapath__7
case__19: case__19
reg__11: reg__11
datapath__23: datapath__23
reg__17: reg__17
dsp48e1__39: dsp48e1__39
case__8: case__8
datapath__70: datapath__70
datapath__60: datapath__60
case__25: case__25
case__21: case__21
anodes_manager: anodes_manager
dsp48e1__16: dsp48e1__16
case__5: case__5
datapath__32: datapath__32
reg__10: reg__10
mult_42_20_62__5: mult_42_20_62
dsp48e1__61: dsp48e1__61
HiddenLayerNeuron__parameterized17: HiddenLayerNeuron__parameterized17
dsp48e1__64: dsp48e1__64
dsp48e1__68: dsp48e1__68
dsp48e1__48: dsp48e1__48
mult_42_20_62: mult_42_20_62
dsp48e1__5: dsp48e1__5
dsp48e1__63: dsp48e1__63
datapath__62: datapath__62
mult_42_19_61__5: mult_42_19_61
datapath__22: datapath__22
HiddenLayerNeuron__parameterized11: HiddenLayerNeuron__parameterized11
Max: Max
case__28: case__28
dsp48e1__36: dsp48e1__36
dsp48e1__67: dsp48e1__67
datapath__64: datapath__64
dsp48e1__47: dsp48e1__47
logic: logic
HiddenLayerNeuron: HiddenLayerNeuron
case__16: case__16
dsp48e1__31: dsp48e1__31
datapath__73: datapath__73
dsp48e1__8: dsp48e1__8
datapath__76: datapath__76
datapath__54: datapath__54
case__20: case__20
dsp48e1__46: dsp48e1__46
dsp48e1__30: dsp48e1__30
dsp48e1__14: dsp48e1__14
logic__8: logic__8
case__1: case__1
OutputLayerNeuron__parameterized1: OutputLayerNeuron__parameterized1
dsp48e1__56: dsp48e1__56
datapath__6: datapath__6
datapath__36: datapath__36
datapath__12: datapath__12
logic__38: logic__38
mult_42_19_61__4: mult_42_19_61
datapath__20: datapath__20
datapath__61: datapath__61
datapath__56: datapath__56
dsp48e1__10: dsp48e1__10
dsp48e1__33: dsp48e1__33
datapath__41: datapath__41
dsp48e1__45: dsp48e1__45
datapath__72: datapath__72
InputManager: InputManager
OutputLayerNeuron: OutputLayerNeuron
datapath__49: datapath__49
case__18: case__18
OutputLayerNeuron__parameterized7: OutputLayerNeuron__parameterized7
datapath__5: datapath__5
datapath__71: datapath__71
datapath__44: datapath__44
dsp48e1__73: dsp48e1__73
dsp48e1__58: dsp48e1__58
mult_42_20_62__2: mult_42_20_62
dsp48e1__20: dsp48e1__20
datapath__2: datapath__2
ControlUnit: ControlUnit
reg__19: reg__19
case__26: case__26
dsp48e1__17: dsp48e1__17
datapath__58: datapath__58
datapath__26: datapath__26
